// Jest Snapshot v1, https://goo.gl/fbAQLP

exports[`<SopraBanking /> render SopraBanking WebView correctly 1`] = `
<View
  style={
    Array [
      Object {
        "backgroundColor": "#FFFFFF",
        "flexBasis": 0,
        "flexGrow": 1,
        "flexShrink": 1,
      },
    ]
  }
>
  <View
    style={
      Array [
        Object {
          "flexBasis": 0,
          "flexGrow": 1,
          "flexShrink": 1,
        },
      ]
    }
  >
    <View
      style={
        Array [
          Object {
            "flex": 1,
            "overflow": "hidden",
          },
          undefined,
        ]
      }
    >
      <RNCWebView
        automaticallyAdjustContentInsets={false}
        cacheEnabled={true}
        domStorageEnabled={true}
        injectedJavaScriptBeforeContentLoadedForMainFrameOnly={true}
        injectedJavaScriptForMainFrameOnly={true}
        javaScriptCanOpenWindowsAutomatically={true}
        javaScriptEnabled={true}
        javaScriptEnabledAndroid={true}
        messagingEnabled={false}
        onContentProcessDidTerminate={[Function]}
        onHttpError={[Function]}
        onLoadProgress={[Function]}
        onLoadingError={[Function]}
        onLoadingFinish={[Function]}
        onLoadingProgress={[Function]}
        onLoadingStart={[Function]}
        onMessage={[Function]}
        onShouldStartLoadWithRequest={[Function]}
        source={
          Object {
            "uri": "https://recettebes.bankofafrica.ma",
          }
        }
        startInLoadingState={true}
        style={
          Array [
            Object {
              "flex": 1,
              "overflow": "hidden",
            },
            Object {
              "backgroundColor": "#ffffff",
            },
            undefined,
          ]
        }
        useSharedProcessPool={true}
      />
      <Modal
        animationType="none"
        hardwareAccelerated={false}
        transparent={true}
        visible={true}
      >
        <View
          style={
            Array [
              Object {
                "alignItems": "center",
                "backgroundColor": "rgba(255,255,255,0.3)",
                "flexBasis": 0,
                "flexGrow": 1,
                "flexShrink": 1,
                "justifyContent": "center",
              },
            ]
          }
        >
          <ActivityIndicator
            animating={true}
            color="#003D7C"
            hidesWhenStopped={true}
            size="large"
          />
        </View>
      </Modal>
    </View>
  </View>
</View>
`;
